src/lib/scanner/modules/tlsCookies.ts(32,11): error TS2322: Type 'string | string[] | null' is not assignable to type 'string | null'.
  Type 'string[]' is not assignable to type 'string'.
src/routes/billing.ts(37,52): error TS2769: No overload matches this call.
  Overload 1 of 2, '(params?: SessionCreateParams | undefined, options?: RequestOptions | undefined): Promise<Response<Session>>', gave the following error.
    Object literal may only specify known properties, and 'trial_period_days' does not exist in type 'SessionCreateParams'.
  Overload 2 of 2, '(options?: RequestOptions | undefined): Promise<Response<Session>>', gave the following error.
    Object literal may only specify known properties, and 'customer' does not exist in type 'RequestOptions'.
src/routes/findings.ts(44,67): error TS2769: No overload matches this call.
  Overload 1 of 3, '(left: PgColumn<{ name: "id"; tableName: "findings"; dataType: "string"; columnType: "PgUUID"; data: string; driverParam: string; notNull: true; hasDefault: true; isPrimaryKey: true; isAutoincrement: false; ... 4 more ...; generated: undefined; }, {}, {}>, right: string | SQLWrapper): SQL<...>', gave the following error.
    Argument of type 'string | string[]' is not assignable to parameter of type 'string | SQLWrapper'.
      Type 'string[]' is not assignable to type 'string | SQLWrapper'.
  Overload 2 of 3, '(left: Aliased<string | string[]>, right: string | string[] | SQLWrapper): SQL<unknown>', gave the following error.
    Argument of type 'PgColumn<{ name: "id"; tableName: "findings"; dataType: "string"; columnType: "PgUUID"; data: string; driverParam: string; notNull: true; hasDefault: true; isPrimaryKey: true; isAutoincrement: false; ... 4 more ...; generated: undefined; }, {}, {}>' is not assignable to parameter of type 'Aliased<string | string[]>'.
      Type 'PgColumn<{ name: "id"; tableName: "findings"; dataType: "string"; columnType: "PgUUID"; data: string; driverParam: string; notNull: true; hasDefault: true; isPrimaryKey: true; isAutoincrement: false; ... 4 more ...; generated: undefined; }, {}, {}>' is missing the following properties from type 'Aliased<string | string[]>': sql, fieldAlias
  Overload 3 of 3, '(left: never, right: unknown): SQL<unknown>', gave the following error.
    Argument of type 'PgColumn<{ name: "id"; tableName: "findings"; dataType: "string"; columnType: "PgUUID"; data: string; driverParam: string; notNull: true; hasDefault: true; isPrimaryKey: true; isAutoincrement: false; ... 4 more ...; generated: undefined; }, {}, {}>' is not assignable to parameter of type 'never'.
src/routes/findings.ts(72,67): error TS2769: No overload matches this call.
  Overload 1 of 3, '(left: PgColumn<{ name: "id"; tableName: "findings"; dataType: "string"; columnType: "PgUUID"; data: string; driverParam: string; notNull: true; hasDefault: true; isPrimaryKey: true; isAutoincrement: false; ... 4 more ...; generated: undefined; }, {}, {}>, right: string | SQLWrapper): SQL<...>', gave the following error.
    Argument of type 'string | string[]' is not assignable to parameter of type 'string | SQLWrapper'.
      Type 'string[]' is not assignable to type 'string | SQLWrapper'.
  Overload 2 of 3, '(left: Aliased<string | string[]>, right: string | string[] | SQLWrapper): SQL<unknown>', gave the following error.
    Argument of type 'PgColumn<{ name: "id"; tableName: "findings"; dataType: "string"; columnType: "PgUUID"; data: string; driverParam: string; notNull: true; hasDefault: true; isPrimaryKey: true; isAutoincrement: false; ... 4 more ...; generated: undefined; }, {}, {}>' is not assignable to parameter of type 'Aliased<string | string[]>'.
      Type 'PgColumn<{ name: "id"; tableName: "findings"; dataType: "string"; columnType: "PgUUID"; data: string; driverParam: string; notNull: true; hasDefault: true; isPrimaryKey: true; isAutoincrement: false; ... 4 more ...; generated: undefined; }, {}, {}>' is missing the following properties from type 'Aliased<string | string[]>': sql, fieldAlias
  Overload 3 of 3, '(left: never, right: unknown): SQL<unknown>', gave the following error.
    Argument of type 'PgColumn<{ name: "id"; tableName: "findings"; dataType: "string"; columnType: "PgUUID"; data: string; driverParam: string; notNull: true; hasDefault: true; isPrimaryKey: true; isAutoincrement: false; ... 4 more ...; generated: undefined; }, {}, {}>' is not assignable to parameter of type 'never'.
src/routes/findings.ts(90,14): error TS2769: No overload matches this call.
  Overload 1 of 3, '(left: PgColumn<{ name: "id"; tableName: "findings"; dataType: "string"; columnType: "PgUUID"; data: string; driverParam: string; notNull: true; hasDefault: true; isPrimaryKey: true; isAutoincrement: false; ... 4 more ...; generated: undefined; }, {}, {}>, right: string | SQLWrapper): SQL<...>', gave the following error.
    Argument of type 'string | string[]' is not assignable to parameter of type 'string | SQLWrapper'.
      Type 'string[]' is not assignable to type 'string | SQLWrapper'.
  Overload 2 of 3, '(left: Aliased<string | string[]>, right: string | string[] | SQLWrapper): SQL<unknown>', gave the following error.
    Argument of type 'PgColumn<{ name: "id"; tableName: "findings"; dataType: "string"; columnType: "PgUUID"; data: string; driverParam: string; notNull: true; hasDefault: true; isPrimaryKey: true; isAutoincrement: false; ... 4 more ...; generated: undefined; }, {}, {}>' is not assignable to parameter of type 'Aliased<string | string[]>'.
      Type 'PgColumn<{ name: "id"; tableName: "findings"; dataType: "string"; columnType: "PgUUID"; data: string; driverParam: string; notNull: true; hasDefault: true; isPrimaryKey: true; isAutoincrement: false; ... 4 more ...; generated: undefined; }, {}, {}>' is missing the following properties from type 'Aliased<string | string[]>': sql, fieldAlias
  Overload 3 of 3, '(left: never, right: unknown): SQL<unknown>', gave the following error.
    Argument of type 'PgColumn<{ name: "id"; tableName: "findings"; dataType: "string"; columnType: "PgUUID"; data: string; driverParam: string; notNull: true; hasDefault: true; isPrimaryKey: true; isAutoincrement: false; ... 4 more ...; generated: undefined; }, {}, {}>' is not assignable to parameter of type 'never'.
src/routes/findings.ts(104,67): error TS2769: No overload matches this call.
  Overload 1 of 3, '(left: PgColumn<{ name: "id"; tableName: "findings"; dataType: "string"; columnType: "PgUUID"; data: string; driverParam: string; notNull: true; hasDefault: true; isPrimaryKey: true; isAutoincrement: false; ... 4 more ...; generated: undefined; }, {}, {}>, right: string | SQLWrapper): SQL<...>', gave the following error.
    Argument of type 'string | string[]' is not assignable to parameter of type 'string | SQLWrapper'.
      Type 'string[]' is not assignable to type 'string | SQLWrapper'.
  Overload 2 of 3, '(left: Aliased<string | string[]>, right: string | string[] | SQLWrapper): SQL<unknown>', gave the following error.
    Argument of type 'PgColumn<{ name: "id"; tableName: "findings"; dataType: "string"; columnType: "PgUUID"; data: string; driverParam: string; notNull: true; hasDefault: true; isPrimaryKey: true; isAutoincrement: false; ... 4 more ...; generated: undefined; }, {}, {}>' is not assignable to parameter of type 'Aliased<string | string[]>'.
      Type 'PgColumn<{ name: "id"; tableName: "findings"; dataType: "string"; columnType: "PgUUID"; data: string; driverParam: string; notNull: true; hasDefault: true; isPrimaryKey: true; isAutoincrement: false; ... 4 more ...; generated: undefined; }, {}, {}>' is missing the following properties from type 'Aliased<string | string[]>': sql, fieldAlias
  Overload 3 of 3, '(left: never, right: unknown): SQL<unknown>', gave the following error.
    Argument of type 'PgColumn<{ name: "id"; tableName: "findings"; dataType: "string"; columnType: "PgUUID"; data: string; driverParam: string; notNull: true; hasDefault: true; isPrimaryKey: true; isAutoincrement: false; ... 4 more ...; generated: undefined; }, {}, {}>' is not assignable to parameter of type 'never'.
src/routes/findings.ts(182,14): error TS2769: No overload matches this call.
  Overload 1 of 3, '(left: PgColumn<{ name: "id"; tableName: "findings"; dataType: "string"; columnType: "PgUUID"; data: string; driverParam: string; notNull: true; hasDefault: true; isPrimaryKey: true; isAutoincrement: false; ... 4 more ...; generated: undefined; }, {}, {}>, right: string | SQLWrapper): SQL<...>', gave the following error.
    Argument of type 'string | string[]' is not assignable to parameter of type 'string | SQLWrapper'.
      Type 'string[]' is not assignable to type 'string | SQLWrapper'.
  Overload 2 of 3, '(left: Aliased<string | string[]>, right: string | string[] | SQLWrapper): SQL<unknown>', gave the following error.
    Argument of type 'PgColumn<{ name: "id"; tableName: "findings"; dataType: "string"; columnType: "PgUUID"; data: string; driverParam: string; notNull: true; hasDefault: true; isPrimaryKey: true; isAutoincrement: false; ... 4 more ...; generated: undefined; }, {}, {}>' is not assignable to parameter of type 'Aliased<string | string[]>'.
      Type 'PgColumn<{ name: "id"; tableName: "findings"; dataType: "string"; columnType: "PgUUID"; data: string; driverParam: string; notNull: true; hasDefault: true; isPrimaryKey: true; isAutoincrement: false; ... 4 more ...; generated: undefined; }, {}, {}>' is missing the following properties from type 'Aliased<string | string[]>': sql, fieldAlias
  Overload 3 of 3, '(left: never, right: unknown): SQL<unknown>', gave the following error.
    Argument of type 'PgColumn<{ name: "id"; tableName: "findings"; dataType: "string"; columnType: "PgUUID"; data: string; driverParam: string; notNull: true; hasDefault: true; isPrimaryKey: true; isAutoincrement: false; ... 4 more ...; generated: undefined; }, {}, {}>' is not assignable to parameter of type 'never'.
src/routes/keys.ts(76,18): error TS2769: No overload matches this call.
  Overload 1 of 3, '(left: PgColumn<{ name: "id"; tableName: "api_keys"; dataType: "string"; columnType: "PgUUID"; data: string; driverParam: string; notNull: true; hasDefault: true; isPrimaryKey: true; isAutoincrement: false; ... 4 more ...; generated: undefined; }, {}, {}>, right: string | SQLWrapper): SQL<...>', gave the following error.
    Argument of type 'string | string[]' is not assignable to parameter of type 'string | SQLWrapper'.
      Type 'string[]' is not assignable to type 'string | SQLWrapper'.
  Overload 2 of 3, '(left: Aliased<string | string[]>, right: string | string[] | SQLWrapper): SQL<unknown>', gave the following error.
    Argument of type 'PgColumn<{ name: "id"; tableName: "api_keys"; dataType: "string"; columnType: "PgUUID"; data: string; driverParam: string; notNull: true; hasDefault: true; isPrimaryKey: true; isAutoincrement: false; ... 4 more ...; generated: undefined; }, {}, {}>' is not assignable to parameter of type 'Aliased<string | string[]>'.
      Type 'PgColumn<{ name: "id"; tableName: "api_keys"; dataType: "string"; columnType: "PgUUID"; data: string; driverParam: string; notNull: true; hasDefault: true; isPrimaryKey: true; isAutoincrement: false; ... 4 more ...; generated: undefined; }, {}, {}>' is missing the following properties from type 'Aliased<string | string[]>': sql, fieldAlias
  Overload 3 of 3, '(left: never, right: unknown): SQL<unknown>', gave the following error.
    Argument of type 'PgColumn<{ name: "id"; tableName: "api_keys"; dataType: "string"; columnType: "PgUUID"; data: string; driverParam: string; notNull: true; hasDefault: true; isPrimaryKey: true; isAutoincrement: false; ... 4 more ...; generated: undefined; }, {}, {}>' is not assignable to parameter of type 'never'.
src/routes/keys.ts(84,41): error TS2769: No overload matches this call.
  Overload 1 of 3, '(left: PgColumn<{ name: "id"; tableName: "api_keys"; dataType: "string"; columnType: "PgUUID"; data: string; driverParam: string; notNull: true; hasDefault: true; isPrimaryKey: true; isAutoincrement: false; ... 4 more ...; generated: undefined; }, {}, {}>, right: string | SQLWrapper): SQL<...>', gave the following error.
    Argument of type 'string | string[]' is not assignable to parameter of type 'string | SQLWrapper'.
      Type 'string[]' is not assignable to type 'string | SQLWrapper'.
  Overload 2 of 3, '(left: Aliased<string | string[]>, right: string | string[] | SQLWrapper): SQL<unknown>', gave the following error.
    Argument of type 'PgColumn<{ name: "id"; tableName: "api_keys"; dataType: "string"; columnType: "PgUUID"; data: string; driverParam: string; notNull: true; hasDefault: true; isPrimaryKey: true; isAutoincrement: false; ... 4 more ...; generated: undefined; }, {}, {}>' is not assignable to parameter of type 'Aliased<string | string[]>'.
      Type 'PgColumn<{ name: "id"; tableName: "api_keys"; dataType: "string"; columnType: "PgUUID"; data: string; driverParam: string; notNull: true; hasDefault: true; isPrimaryKey: true; isAutoincrement: false; ... 4 more ...; generated: undefined; }, {}, {}>' is missing the following properties from type 'Aliased<string | string[]>': sql, fieldAlias
  Overload 3 of 3, '(left: never, right: unknown): SQL<unknown>', gave the following error.
    Argument of type 'PgColumn<{ name: "id"; tableName: "api_keys"; dataType: "string"; columnType: "PgUUID"; data: string; driverParam: string; notNull: true; hasDefault: true; isPrimaryKey: true; isAutoincrement: false; ... 4 more ...; generated: undefined; }, {}, {}>' is not assignable to parameter of type 'never'.
src/routes/projects.ts(86,18): error TS2769: No overload matches this call.
  Overload 1 of 3, '(left: PgColumn<{ name: "id"; tableName: "projects"; dataType: "string"; columnType: "PgUUID"; data: string; driverParam: string; notNull: true; hasDefault: true; isPrimaryKey: true; isAutoincrement: false; ... 4 more ...; generated: undefined; }, {}, {}>, right: string | SQLWrapper): SQL<...>', gave the following error.
    Argument of type 'string | string[]' is not assignable to parameter of type 'string | SQLWrapper'.
      Type 'string[]' is not assignable to type 'string | SQLWrapper'.
  Overload 2 of 3, '(left: Aliased<string | string[]>, right: string | string[] | SQLWrapper): SQL<unknown>', gave the following error.
    Argument of type 'PgColumn<{ name: "id"; tableName: "projects"; dataType: "string"; columnType: "PgUUID"; data: string; driverParam: string; notNull: true; hasDefault: true; isPrimaryKey: true; isAutoincrement: false; ... 4 more ...; generated: undefined; }, {}, {}>' is not assignable to parameter of type 'Aliased<string | string[]>'.
      Type 'PgColumn<{ name: "id"; tableName: "projects"; dataType: "string"; columnType: "PgUUID"; data: string; driverParam: string; notNull: true; hasDefault: true; isPrimaryKey: true; isAutoincrement: false; ... 4 more ...; generated: undefined; }, {}, {}>' is missing the following properties from type 'Aliased<string | string[]>': sql, fieldAlias
  Overload 3 of 3, '(left: never, right: unknown): SQL<unknown>', gave the following error.
    Argument of type 'PgColumn<{ name: "id"; tableName: "projects"; dataType: "string"; columnType: "PgUUID"; data: string; driverParam: string; notNull: true; hasDefault: true; isPrimaryKey: true; isAutoincrement: false; ... 4 more ...; generated: undefined; }, {}, {}>' is not assignable to parameter of type 'never'.
src/routes/projects.ts(95,14): error TS2769: No overload matches this call.
  Overload 1 of 3, '(left: PgColumn<{ name: "project_id"; tableName: "scans"; dataType: "string"; columnType: "PgUUID"; data: string; driverParam: string; notNull: true; hasDefault: false; isPrimaryKey: false; isAutoincrement: false; ... 4 more ...; generated: undefined; }, {}, {}>, right: string | SQLWrapper): SQL<...>', gave the following error.
    Argument of type 'string | string[]' is not assignable to parameter of type 'string | SQLWrapper'.
      Type 'string[]' is not assignable to type 'string | SQLWrapper'.
  Overload 2 of 3, '(left: Aliased<string | string[]>, right: string | string[] | SQLWrapper): SQL<unknown>', gave the following error.
    Argument of type 'PgColumn<{ name: "project_id"; tableName: "scans"; dataType: "string"; columnType: "PgUUID"; data: string; driverParam: string; notNull: true; hasDefault: false; isPrimaryKey: false; isAutoincrement: false; ... 4 more ...; generated: undefined; }, {}, {}>' is not assignable to parameter of type 'Aliased<string | string[]>'.
      Type 'PgColumn<{ name: "project_id"; tableName: "scans"; dataType: "string"; columnType: "PgUUID"; data: string; driverParam: string; notNull: true; hasDefault: false; isPrimaryKey: false; isAutoincrement: false; ... 4 more ...; generated: undefined; }, {}, {}>' is missing the following properties from type 'Aliased<string | string[]>': sql, fieldAlias
  Overload 3 of 3, '(left: never, right: unknown): SQL<unknown>', gave the following error.
    Argument of type 'PgColumn<{ name: "project_id"; tableName: "scans"; dataType: "string"; columnType: "PgUUID"; data: string; driverParam: string; notNull: true; hasDefault: false; isPrimaryKey: false; isAutoincrement: false; ... 4 more ...; generated: undefined; }, {}, {}>' is not assignable to parameter of type 'never'.
src/routes/projects.ts(99,14): error TS2769: No overload matches this call.
  Overload 1 of 3, '(left: PgColumn<{ name: "project_id"; tableName: "findings"; dataType: "string"; columnType: "PgUUID"; data: string; driverParam: string; notNull: true; hasDefault: false; isPrimaryKey: false; isAutoincrement: false; ... 4 more ...; generated: undefined; }, {}, {}>, right: string | SQLWrapper): SQL<...>', gave the following error.
    Argument of type 'string | string[]' is not assignable to parameter of type 'string | SQLWrapper'.
      Type 'string[]' is not assignable to type 'string | SQLWrapper'.
  Overload 2 of 3, '(left: Aliased<string | string[]>, right: string | string[] | SQLWrapper): SQL<unknown>', gave the following error.
    Argument of type 'PgColumn<{ name: "project_id"; tableName: "findings"; dataType: "string"; columnType: "PgUUID"; data: string; driverParam: string; notNull: true; hasDefault: false; isPrimaryKey: false; isAutoincrement: false; ... 4 more ...; generated: undefined; }, {}, {}>' is not assignable to parameter of type 'Aliased<string | string[]>'.
      Type 'PgColumn<{ name: "project_id"; tableName: "findings"; dataType: "string"; columnType: "PgUUID"; data: string; driverParam: string; notNull: true; hasDefault: false; isPrimaryKey: false; isAutoincrement: false; ... 4 more ...; generated: undefined; }, {}, {}>' is missing the following properties from type 'Aliased<string | string[]>': sql, fieldAlias
  Overload 3 of 3, '(left: never, right: unknown): SQL<unknown>', gave the following error.
    Argument of type 'PgColumn<{ name: "project_id"; tableName: "findings"; dataType: "string"; columnType: "PgUUID"; data: string; driverParam: string; notNull: true; hasDefault: false; isPrimaryKey: false; isAutoincrement: false; ... 4 more ...; generated: undefined; }, {}, {}>' is not assignable to parameter of type 'never'.
src/routes/projects.ts(128,18): error TS2769: No overload matches this call.
  Overload 1 of 3, '(left: PgColumn<{ name: "id"; tableName: "projects"; dataType: "string"; columnType: "PgUUID"; data: string; driverParam: string; notNull: true; hasDefault: true; isPrimaryKey: true; isAutoincrement: false; ... 4 more ...; generated: undefined; }, {}, {}>, right: string | SQLWrapper): SQL<...>', gave the following error.
    Argument of type 'string | string[]' is not assignable to parameter of type 'string | SQLWrapper'.
      Type 'string[]' is not assignable to type 'string | SQLWrapper'.
  Overload 2 of 3, '(left: Aliased<string | string[]>, right: string | string[] | SQLWrapper): SQL<unknown>', gave the following error.
    Argument of type 'PgColumn<{ name: "id"; tableName: "projects"; dataType: "string"; columnType: "PgUUID"; data: string; driverParam: string; notNull: true; hasDefault: true; isPrimaryKey: true; isAutoincrement: false; ... 4 more ...; generated: undefined; }, {}, {}>' is not assignable to parameter of type 'Aliased<string | string[]>'.
      Type 'PgColumn<{ name: "id"; tableName: "projects"; dataType: "string"; columnType: "PgUUID"; data: string; driverParam: string; notNull: true; hasDefault: true; isPrimaryKey: true; isAutoincrement: false; ... 4 more ...; generated: undefined; }, {}, {}>' is missing the following properties from type 'Aliased<string | string[]>': sql, fieldAlias
  Overload 3 of 3, '(left: never, right: unknown): SQL<unknown>', gave the following error.
    Argument of type 'PgColumn<{ name: "id"; tableName: "projects"; dataType: "string"; columnType: "PgUUID"; data: string; driverParam: string; notNull: true; hasDefault: true; isPrimaryKey: true; isAutoincrement: false; ... 4 more ...; generated: undefined; }, {}, {}>' is not assignable to parameter of type 'never'.
src/routes/projects.ts(144,14): error TS2769: No overload matches this call.
  Overload 1 of 3, '(left: PgColumn<{ name: "id"; tableName: "projects"; dataType: "string"; columnType: "PgUUID"; data: string; driverParam: string; notNull: true; hasDefault: true; isPrimaryKey: true; isAutoincrement: false; ... 4 more ...; generated: undefined; }, {}, {}>, right: string | SQLWrapper): SQL<...>', gave the following error.
    Argument of type 'string | string[]' is not assignable to parameter of type 'string | SQLWrapper'.
      Type 'string[]' is not assignable to type 'string | SQLWrapper'.
  Overload 2 of 3, '(left: Aliased<string | string[]>, right: string | string[] | SQLWrapper): SQL<unknown>', gave the following error.
    Argument of type 'PgColumn<{ name: "id"; tableName: "projects"; dataType: "string"; columnType: "PgUUID"; data: string; driverParam: string; notNull: true; hasDefault: true; isPrimaryKey: true; isAutoincrement: false; ... 4 more ...; generated: undefined; }, {}, {}>' is not assignable to parameter of type 'Aliased<string | string[]>'.
      Type 'PgColumn<{ name: "id"; tableName: "projects"; dataType: "string"; columnType: "PgUUID"; data: string; driverParam: string; notNull: true; hasDefault: true; isPrimaryKey: true; isAutoincrement: false; ... 4 more ...; generated: undefined; }, {}, {}>' is missing the following properties from type 'Aliased<string | string[]>': sql, fieldAlias
  Overload 3 of 3, '(left: never, right: unknown): SQL<unknown>', gave the following error.
    Argument of type 'PgColumn<{ name: "id"; tableName: "projects"; dataType: "string"; columnType: "PgUUID"; data: string; driverParam: string; notNull: true; hasDefault: true; isPrimaryKey: true; isAutoincrement: false; ... 4 more ...; generated: undefined; }, {}, {}>' is not assignable to parameter of type 'never'.
src/routes/projects.ts(160,18): error TS2769: No overload matches this call.
  Overload 1 of 3, '(left: PgColumn<{ name: "id"; tableName: "projects"; dataType: "string"; columnType: "PgUUID"; data: string; driverParam: string; notNull: true; hasDefault: true; isPrimaryKey: true; isAutoincrement: false; ... 4 more ...; generated: undefined; }, {}, {}>, right: string | SQLWrapper): SQL<...>', gave the following error.
    Argument of type 'string | string[]' is not assignable to parameter of type 'string | SQLWrapper'.
      Type 'string[]' is not assignable to type 'string | SQLWrapper'.
  Overload 2 of 3, '(left: Aliased<string | string[]>, right: string | string[] | SQLWrapper): SQL<unknown>', gave the following error.
    Argument of type 'PgColumn<{ name: "id"; tableName: "projects"; dataType: "string"; columnType: "PgUUID"; data: string; driverParam: string; notNull: true; hasDefault: true; isPrimaryKey: true; isAutoincrement: false; ... 4 more ...; generated: undefined; }, {}, {}>' is not assignable to parameter of type 'Aliased<string | string[]>'.
      Type 'PgColumn<{ name: "id"; tableName: "projects"; dataType: "string"; columnType: "PgUUID"; data: string; driverParam: string; notNull: true; hasDefault: true; isPrimaryKey: true; isAutoincrement: false; ... 4 more ...; generated: undefined; }, {}, {}>' is missing the following properties from type 'Aliased<string | string[]>': sql, fieldAlias
  Overload 3 of 3, '(left: never, right: unknown): SQL<unknown>', gave the following error.
    Argument of type 'PgColumn<{ name: "id"; tableName: "projects"; dataType: "string"; columnType: "PgUUID"; data: string; driverParam: string; notNull: true; hasDefault: true; isPrimaryKey: true; isAutoincrement: false; ... 4 more ...; generated: undefined; }, {}, {}>' is not assignable to parameter of type 'never'.
src/routes/projects.ts(168,42): error TS2769: No overload matches this call.
  Overload 1 of 3, '(left: PgColumn<{ name: "id"; tableName: "projects"; dataType: "string"; columnType: "PgUUID"; data: string; driverParam: string; notNull: true; hasDefault: true; isPrimaryKey: true; isAutoincrement: false; ... 4 more ...; generated: undefined; }, {}, {}>, right: string | SQLWrapper): SQL<...>', gave the following error.
    Argument of type 'string | string[]' is not assignable to parameter of type 'string | SQLWrapper'.
      Type 'string[]' is not assignable to type 'string | SQLWrapper'.
  Overload 2 of 3, '(left: Aliased<string | string[]>, right: string | string[] | SQLWrapper): SQL<unknown>', gave the following error.
    Argument of type 'PgColumn<{ name: "id"; tableName: "projects"; dataType: "string"; columnType: "PgUUID"; data: string; driverParam: string; notNull: true; hasDefault: true; isPrimaryKey: true; isAutoincrement: false; ... 4 more ...; generated: undefined; }, {}, {}>' is not assignable to parameter of type 'Aliased<string | string[]>'.
      Type 'PgColumn<{ name: "id"; tableName: "projects"; dataType: "string"; columnType: "PgUUID"; data: string; driverParam: string; notNull: true; hasDefault: true; isPrimaryKey: true; isAutoincrement: false; ... 4 more ...; generated: undefined; }, {}, {}>' is missing the following properties from type 'Aliased<string | string[]>': sql, fieldAlias
  Overload 3 of 3, '(left: never, right: unknown): SQL<unknown>', gave the following error.
    Argument of type 'PgColumn<{ name: "id"; tableName: "projects"; dataType: "string"; columnType: "PgUUID"; data: string; driverParam: string; notNull: true; hasDefault: true; isPrimaryKey: true; isAutoincrement: false; ... 4 more ...; generated: undefined; }, {}, {}>' is not assignable to parameter of type 'never'.
src/routes/projects.ts(186,18): error TS2769: No overload matches this call.
  Overload 1 of 3, '(left: PgColumn<{ name: "id"; tableName: "projects"; dataType: "string"; columnType: "PgUUID"; data: string; driverParam: string; notNull: true; hasDefault: true; isPrimaryKey: true; isAutoincrement: false; ... 4 more ...; generated: undefined; }, {}, {}>, right: string | SQLWrapper): SQL<...>', gave the following error.
    Argument of type 'string | string[]' is not assignable to parameter of type 'string | SQLWrapper'.
      Type 'string[]' is not assignable to type 'string | SQLWrapper'.
  Overload 2 of 3, '(left: Aliased<string | string[]>, right: string | string[] | SQLWrapper): SQL<unknown>', gave the following error.
    Argument of type 'PgColumn<{ name: "id"; tableName: "projects"; dataType: "string"; columnType: "PgUUID"; data: string; driverParam: string; notNull: true; hasDefault: true; isPrimaryKey: true; isAutoincrement: false; ... 4 more ...; generated: undefined; }, {}, {}>' is not assignable to parameter of type 'Aliased<string | string[]>'.
      Type 'PgColumn<{ name: "id"; tableName: "projects"; dataType: "string"; columnType: "PgUUID"; data: string; driverParam: string; notNull: true; hasDefault: true; isPrimaryKey: true; isAutoincrement: false; ... 4 more ...; generated: undefined; }, {}, {}>' is missing the following properties from type 'Aliased<string | string[]>': sql, fieldAlias
  Overload 3 of 3, '(left: never, right: unknown): SQL<unknown>', gave the following error.
    Argument of type 'PgColumn<{ name: "id"; tableName: "projects"; dataType: "string"; columnType: "PgUUID"; data: string; driverParam: string; notNull: true; hasDefault: true; isPrimaryKey: true; isAutoincrement: false; ... 4 more ...; generated: undefined; }, {}, {}>' is not assignable to parameter of type 'never'.
src/routes/projects.ts(195,7): error TS2769: No overload matches this call.
  Overload 1 of 2, '(value: { projectId: string | SQL<unknown> | Placeholder<string, any>; id?: string | SQL<unknown> | Placeholder<string, any> | undefined; createdAt?: SQL<unknown> | Date | Placeholder<...> | undefined; ... 9 more ...; riskScore?: number | ... 3 more ... | undefined; }): PgInsertBase<...>', gave the following error.
    Type 'string | string[]' is not assignable to type 'string | SQL<unknown> | Placeholder<string, any>'.
      Type 'string[]' is not assignable to type 'string | SQL<unknown> | Placeholder<string, any>'.
  Overload 2 of 2, '(values: { projectId: string | SQL<unknown> | Placeholder<string, any>; id?: string | SQL<unknown> | Placeholder<string, any> | undefined; createdAt?: SQL<unknown> | Date | Placeholder<...> | undefined; ... 9 more ...; riskScore?: number | ... 3 more ... | undefined; }[]): PgInsertBase<...>', gave the following error.
    Object literal may only specify known properties, and 'projectId' does not exist in type '{ projectId: string | SQL<unknown> | Placeholder<string, any>; id?: string | SQL<unknown> | Placeholder<string, any> | undefined; createdAt?: SQL<unknown> | Date | Placeholder<...> | undefined; ... 9 more ...; riskScore?: number | ... 3 more ... | undefined; }[]'.
src/routes/scans.ts(44,61): error TS2769: No overload matches this call.
  Overload 1 of 3, '(left: PgColumn<{ name: "id"; tableName: "scans"; dataType: "string"; columnType: "PgUUID"; data: string; driverParam: string; notNull: true; hasDefault: true; isPrimaryKey: true; isAutoincrement: false; ... 4 more ...; generated: undefined; }, {}, {}>, right: string | SQLWrapper): SQL<...>', gave the following error.
    Argument of type 'string | string[]' is not assignable to parameter of type 'string | SQLWrapper'.
      Type 'string[]' is not assignable to type 'string | SQLWrapper'.
  Overload 2 of 3, '(left: Aliased<string | string[]>, right: string | string[] | SQLWrapper): SQL<unknown>', gave the following error.
    Argument of type 'PgColumn<{ name: "id"; tableName: "scans"; dataType: "string"; columnType: "PgUUID"; data: string; driverParam: string; notNull: true; hasDefault: true; isPrimaryKey: true; isAutoincrement: false; hasRuntimeDefault: false; enumValues: undefined; baseColumn: never; identity: undefined; generated: undefined; }, {}, {}>' is not assignable to parameter of type 'Aliased<string | string[]>'.
      Type 'PgColumn<{ name: "id"; tableName: "scans"; dataType: "string"; columnType: "PgUUID"; data: string; driverParam: string; notNull: true; hasDefault: true; isPrimaryKey: true; isAutoincrement: false; hasRuntimeDefault: false; enumValues: undefined; baseColumn: never; identity: undefined; generated: undefined; }, {}, {}>' is missing the following properties from type 'Aliased<string | string[]>': sql, fieldAlias
  Overload 3 of 3, '(left: never, right: unknown): SQL<unknown>', gave the following error.
    Argument of type 'PgColumn<{ name: "id"; tableName: "scans"; dataType: "string"; columnType: "PgUUID"; data: string; driverParam: string; notNull: true; hasDefault: true; isPrimaryKey: true; isAutoincrement: false; hasRuntimeDefault: false; enumValues: undefined; baseColumn: never; identity: undefined; generated: undefined; }, {}, {}>' is not assignable to parameter of type 'never'.
src/routes/scans.ts(60,14): error TS2769: No overload matches this call.
  Overload 1 of 3, '(left: PgColumn<{ name: "scan_id"; tableName: "findings"; dataType: "string"; columnType: "PgUUID"; data: string; driverParam: string; notNull: true; hasDefault: false; isPrimaryKey: false; isAutoincrement: false; ... 4 more ...; generated: undefined; }, {}, {}>, right: string | SQLWrapper): SQL<...>', gave the following error.
    Argument of type 'string | string[]' is not assignable to parameter of type 'string | SQLWrapper'.
      Type 'string[]' is not assignable to type 'string | SQLWrapper'.
  Overload 2 of 3, '(left: Aliased<string | string[]>, right: string | string[] | SQLWrapper): SQL<unknown>', gave the following error.
    Argument of type 'PgColumn<{ name: "scan_id"; tableName: "findings"; dataType: "string"; columnType: "PgUUID"; data: string; driverParam: string; notNull: true; hasDefault: false; isPrimaryKey: false; isAutoincrement: false; ... 4 more ...; generated: undefined; }, {}, {}>' is not assignable to parameter of type 'Aliased<string | string[]>'.
      Type 'PgColumn<{ name: "scan_id"; tableName: "findings"; dataType: "string"; columnType: "PgUUID"; data: string; driverParam: string; notNull: true; hasDefault: false; isPrimaryKey: false; isAutoincrement: false; ... 4 more ...; generated: undefined; }, {}, {}>' is missing the following properties from type 'Aliased<string | string[]>': sql, fieldAlias
  Overload 3 of 3, '(left: never, right: unknown): SQL<unknown>', gave the following error.
    Argument of type 'PgColumn<{ name: "scan_id"; tableName: "findings"; dataType: "string"; columnType: "PgUUID"; data: string; driverParam: string; notNull: true; hasDefault: false; isPrimaryKey: false; isAutoincrement: false; ... 4 more ...; generated: undefined; }, {}, {}>' is not assignable to parameter of type 'never'.
src/routes/scans.ts(64,14): error TS2769: No overload matches this call.
  Overload 1 of 3, '(left: PgColumn<{ name: "scan_id"; tableName: "scan_logs"; dataType: "string"; columnType: "PgUUID"; data: string; driverParam: string; notNull: true; hasDefault: false; isPrimaryKey: false; isAutoincrement: false; ... 4 more ...; generated: undefined; }, {}, {}>, right: string | SQLWrapper): SQL<...>', gave the following error.
    Argument of type 'string | string[]' is not assignable to parameter of type 'string | SQLWrapper'.
      Type 'string[]' is not assignable to type 'string | SQLWrapper'.
  Overload 2 of 3, '(left: Aliased<string | string[]>, right: string | string[] | SQLWrapper): SQL<unknown>', gave the following error.
    Argument of type 'PgColumn<{ name: "scan_id"; tableName: "scan_logs"; dataType: "string"; columnType: "PgUUID"; data: string; driverParam: string; notNull: true; hasDefault: false; isPrimaryKey: false; isAutoincrement: false; ... 4 more ...; generated: undefined; }, {}, {}>' is not assignable to parameter of type 'Aliased<string | string[]>'.
      Type 'PgColumn<{ name: "scan_id"; tableName: "scan_logs"; dataType: "string"; columnType: "PgUUID"; data: string; driverParam: string; notNull: true; hasDefault: false; isPrimaryKey: false; isAutoincrement: false; ... 4 more ...; generated: undefined; }, {}, {}>' is missing the following properties from type 'Aliased<string | string[]>': sql, fieldAlias
  Overload 3 of 3, '(left: never, right: unknown): SQL<unknown>', gave the following error.
    Argument of type 'PgColumn<{ name: "scan_id"; tableName: "scan_logs"; dataType: "string"; columnType: "PgUUID"; data: string; driverParam: string; notNull: true; hasDefault: false; isPrimaryKey: false; isAutoincrement: false; ... 4 more ...; generated: undefined; }, {}, {}>' is not assignable to parameter of type 'never'.
src/routes/scans.ts(84,61): error TS2769: No overload matches this call.
  Overload 1 of 3, '(left: PgColumn<{ name: "id"; tableName: "scans"; dataType: "string"; columnType: "PgUUID"; data: string; driverParam: string; notNull: true; hasDefault: true; isPrimaryKey: true; isAutoincrement: false; ... 4 more ...; generated: undefined; }, {}, {}>, right: string | SQLWrapper): SQL<...>', gave the following error.
    Argument of type 'string | string[]' is not assignable to parameter of type 'string | SQLWrapper'.
      Type 'string[]' is not assignable to type 'string | SQLWrapper'.
  Overload 2 of 3, '(left: Aliased<string | string[]>, right: string | string[] | SQLWrapper): SQL<unknown>', gave the following error.
    Argument of type 'PgColumn<{ name: "id"; tableName: "scans"; dataType: "string"; columnType: "PgUUID"; data: string; driverParam: string; notNull: true; hasDefault: true; isPrimaryKey: true; isAutoincrement: false; hasRuntimeDefault: false; enumValues: undefined; baseColumn: never; identity: undefined; generated: undefined; }, {}, {}>' is not assignable to parameter of type 'Aliased<string | string[]>'.
      Type 'PgColumn<{ name: "id"; tableName: "scans"; dataType: "string"; columnType: "PgUUID"; data: string; driverParam: string; notNull: true; hasDefault: true; isPrimaryKey: true; isAutoincrement: false; hasRuntimeDefault: false; enumValues: undefined; baseColumn: never; identity: undefined; generated: undefined; }, {}, {}>' is missing the following properties from type 'Aliased<string | string[]>': sql, fieldAlias
  Overload 3 of 3, '(left: never, right: unknown): SQL<unknown>', gave the following error.
    Argument of type 'PgColumn<{ name: "id"; tableName: "scans"; dataType: "string"; columnType: "PgUUID"; data: string; driverParam: string; notNull: true; hasDefault: true; isPrimaryKey: true; isAutoincrement: false; hasRuntimeDefault: false; enumValues: undefined; baseColumn: never; identity: undefined; generated: undefined; }, {}, {}>' is not assignable to parameter of type 'never'.
src/routes/scans.ts(112,72): error TS2769: No overload matches this call.
  Overload 1 of 3, '(left: PgColumn<{ name: "id"; tableName: "scans"; dataType: "string"; columnType: "PgUUID"; data: string; driverParam: string; notNull: true; hasDefault: true; isPrimaryKey: true; isAutoincrement: false; ... 4 more ...; generated: undefined; }, {}, {}>, right: string | SQLWrapper): SQL<...>', gave the following error.
    Argument of type 'string | string[]' is not assignable to parameter of type 'string | SQLWrapper'.
      Type 'string[]' is not assignable to type 'string | SQLWrapper'.
  Overload 2 of 3, '(left: Aliased<string | string[]>, right: string | string[] | SQLWrapper): SQL<unknown>', gave the following error.
    Argument of type 'PgColumn<{ name: "id"; tableName: "scans"; dataType: "string"; columnType: "PgUUID"; data: string; driverParam: string; notNull: true; hasDefault: true; isPrimaryKey: true; isAutoincrement: false; hasRuntimeDefault: false; enumValues: undefined; baseColumn: never; identity: undefined; generated: undefined; }, {}, {}>' is not assignable to parameter of type 'Aliased<string | string[]>'.
      Type 'PgColumn<{ name: "id"; tableName: "scans"; dataType: "string"; columnType: "PgUUID"; data: string; driverParam: string; notNull: true; hasDefault: true; isPrimaryKey: true; isAutoincrement: false; hasRuntimeDefault: false; enumValues: undefined; baseColumn: never; identity: undefined; generated: undefined; }, {}, {}>' is missing the following properties from type 'Aliased<string | string[]>': sql, fieldAlias
  Overload 3 of 3, '(left: never, right: unknown): SQL<unknown>', gave the following error.
    Argument of type 'PgColumn<{ name: "id"; tableName: "scans"; dataType: "string"; columnType: "PgUUID"; data: string; driverParam: string; notNull: true; hasDefault: true; isPrimaryKey: true; isAutoincrement: false; hasRuntimeDefault: false; enumValues: undefined; baseColumn: never; identity: undefined; generated: undefined; }, {}, {}>' is not assignable to parameter of type 'never'.
src/routes/scans.ts(115,18): error TS2769: No overload matches this call.
  Overload 1 of 3, '(left: PgColumn<{ name: "scan_id"; tableName: "scan_logs"; dataType: "string"; columnType: "PgUUID"; data: string; driverParam: string; notNull: true; hasDefault: false; isPrimaryKey: false; isAutoincrement: false; ... 4 more ...; generated: undefined; }, {}, {}>, right: string | SQLWrapper): SQL<...>', gave the following error.
    Argument of type 'string | string[]' is not assignable to parameter of type 'string | SQLWrapper'.
      Type 'string[]' is not assignable to type 'string | SQLWrapper'.
  Overload 2 of 3, '(left: Aliased<string | string[]>, right: string | string[] | SQLWrapper): SQL<unknown>', gave the following error.
    Argument of type 'PgColumn<{ name: "scan_id"; tableName: "scan_logs"; dataType: "string"; columnType: "PgUUID"; data: string; driverParam: string; notNull: true; hasDefault: false; isPrimaryKey: false; isAutoincrement: false; ... 4 more ...; generated: undefined; }, {}, {}>' is not assignable to parameter of type 'Aliased<string | string[]>'.
      Type 'PgColumn<{ name: "scan_id"; tableName: "scan_logs"; dataType: "string"; columnType: "PgUUID"; data: string; driverParam: string; notNull: true; hasDefault: false; isPrimaryKey: false; isAutoincrement: false; ... 4 more ...; generated: undefined; }, {}, {}>' is missing the following properties from type 'Aliased<string | string[]>': sql, fieldAlias
  Overload 3 of 3, '(left: never, right: unknown): SQL<unknown>', gave the following error.
    Argument of type 'PgColumn<{ name: "scan_id"; tableName: "scan_logs"; dataType: "string"; columnType: "PgUUID"; data: string; driverParam: string; notNull: true; hasDefault: false; isPrimaryKey: false; isAutoincrement: false; ... 4 more ...; generated: undefined; }, {}, {}>' is not assignable to parameter of type 'never'.
src/routes/webhooks.ts(19,50): error TS2322: Type '"2024-12-18.acacia"' is not assignable to type '"2026-03-25.dahlia"'.
